[{"stream_name":"stdout","time":6.769275813,"data":"     ━━━━━━━━━━━━━━━━━━━━━━━━━━━━━━━━━━━━━━━━ 46.5/46.5 kB 1.0 MB/s eta 0:00:00\n"}
,{"stream_name":"stdout","time":7.656304287,"data":"   ━━━━━━━━━━━━━━━━━━━━━━━━━━━━━━━━━━━━━━━━ 1.4/1.4 MB 24.0 MB/s eta 0:00:00\n"}
,{"stream_name":"stdout","time":7.737873047,"data":"   ━━━━━━━━━━━━━━━━━━━━━━━━━━━━━━━━━━━━━━━━ 58.1/58.1 kB 1.8 MB/s eta 0:00:00\n"}
,{"stream_name":"stdout","time":7.782734596,"data":"   ━━━━━━━━━━━━━━━━━━━━━━━━━━━━━━━━━━━━━━━━ 91.0/91.0 kB 2.7 MB/s eta 0:00:00\n"}
,{"stream_name":"stdout","time":19.553664494,"data":"Creating new Ultralytics Settings v0.0.8 file ✅ \n"}
,{"stream_name":"stdout","time":19.553705745,"data":"View Ultralytics Settings with 'yolo settings' or at '/root/.config/Ultralytics/settings.json'\n"}
,{"stream_name":"stdout","time":19.553713135,"data":"Update Settings with 'yolo settings key=value', i.e. 'yolo settings runs_dir=path/to/dir'. For help see https://docs.ultralytics.com/usage/settings.\n"}
,{"stream_name":"stderr","time":622.413011041,"data":"Traceback (most recent call last):\n"}
,{"stream_name":"stderr","time":622.413208895,"data":"  File \"/kaggle/src/script.py\", line 196, in \u003cmodule\u003e\n"}
,{"stream_name":"stderr","time":622.413710911,"data":"    main()\n"}
,{"stream_name":"stderr","time":622.414044972,"data":"  File \"/kaggle/src/script.py\", line 128, in main\n"}
,{"stream_name":"stderr","time":622.414169909,"data":"    IN = find_input(); print('competition data:', IN, '| device:', DEVICE, '| threads:', torch.get_num_threads(), flush=True)\n"}
,{"stream_name":"stderr","time":622.414220253,"data":"         ^^^^^^^^^^^^\n"}
,{"stream_name":"stderr","time":622.414227827,"data":"  File \"/kaggle/src/script.py\", line 43, in find_input\n"}
,{"stream_name":"stderr","time":622.414388202,"data":"    raise FileNotFoundError('competition data not found under /kaggle/input: ' + str(os.listdir('/kaggle/input')))\n"}
,{"stream_name":"stderr","time":622.414547655,"data":"FileNotFoundError: competition data not found under /kaggle/input: ['hod-weights', 'hod-y26s-1024']\n"}
,{"stream_name":"stderr","time":626.37583285,"data":"/usr/local/lib/python3.12/dist-packages/mistune.py:435: SyntaxWarning: invalid escape sequence '\\|'\n"}
,{"stream_name":"stderr","time":626.375887255,"data":"  cells[i][c] = re.sub('\\\\\\\\\\|', '|', cell)\n"}
,{"stream_name":"stderr","time":626.807567946,"data":"/usr/local/lib/python3.12/dist-packages/nbconvert/filters/filter_links.py:36: SyntaxWarning: invalid escape sequence '\\_'\n"}
,{"stream_name":"stderr","time":626.807605882,"data":"  text = re.sub(r'_', '\\_', text) # Escape underscores in display text\n"}
,{"stream_name":"stderr","time":627.639585943,"data":"[NbConvertApp] Converting notebook __script__.ipynb to html\n"}
,{"stream_name":"stderr","time":629.612867389,"data":"[NbConvertApp] Writing 355847 bytes to __results__.html\n"}
]